// Jest Snapshot v1, https://goo.gl/fbAQLP

exports[`Content should render <contentComp /> 1`] = `ShallowWrapper {}`;
